[0m20:44:15.280382 [debug] [MainThread]: Sending event: {'category': 'dbt', 'action': 'invocation', 'label': 'start', 'context': [<snowplow_tracker.self_describing_json.SelfDescribingJson object at 0x7f0505f1dd30>, <snowplow_tracker.self_describing_json.SelfDescribingJson object at 0x7f0508cd0050>, <snowplow_tracker.self_describing_json.SelfDescribingJson object at 0x7f0504cbfb10>]}


============================== 20:44:15.286461 | 3876fe00-77d7-405f-bab9-2226d6c6d620 ==============================
[0m20:44:15.286461 [info ] [MainThread]: Running with dbt=1.11.12
[0m20:44:15.286857 [debug] [MainThread]: running dbt with arguments {'target_path': 'None', 'cache_selected_only': 'False', 'profiles_dir': '/home/abhijith/.dbt', 'warn_error': 'None', 'log_cache_events': 'False', 'log_path': 'logs', 'indirect_selection': 'eager', 'use_experimental_parser': 'False', 'version_check': 'True', 'printer_width': '80', 'invocation_command': 'dbt init dbt_project', 'empty': 'None', 'fail_fast': 'False', 'warn_error_options': 'WarnErrorOptionsV2(error=[], warn=[], silence=[])', 'debug': 'False', 'use_colors': 'True', 'quiet': 'False', 'send_anonymous_usage_stats': 'True', 'log_format': 'default', 'write_json': 'True', 'partial_parse': 'True', 'static_parser': 'True', 'introspect': 'True', 'no_print': 'None'}
[0m20:44:15.292086 [info ] [MainThread]: Creating dbt configuration folder at /home/abhijith/.dbt
[0m20:44:15.292933 [debug] [MainThread]: Starter project path: /home/abhijith/coding/openlake_project/venv/lib/python3.13/site-packages/dbt/include/starter_project
[0m20:44:15.294108 [info ] [MainThread]: 
Your new dbt project "dbt_project" was created!

For more information on how to configure the profiles.yml file,
please consult the dbt documentation here:

  https://docs.getdbt.com/docs/configure-your-profile

One more thing:

Need help? Don't hesitate to reach out to us via GitHub issues or on Slack:

  https://community.getdbt.com/

Happy modeling!

[0m20:44:15.294373 [info ] [MainThread]: Setting up your profile.
[0m20:44:35.598917 [error] [MainThread]: Encountered an error:
libodbc.so.2: cannot open shared object file: No such file or directory
[0m20:44:35.605735 [error] [MainThread]: Traceback (most recent call last):
  File "/home/abhijith/coding/openlake_project/venv/lib/python3.13/site-packages/dbt/cli/requires.py", line 182, in wrapper
    result, success = func(*args, **kwargs)
                      ~~~~^^^^^^^^^^^^^^^^^
  File "/home/abhijith/coding/openlake_project/venv/lib/python3.13/site-packages/dbt/cli/requires.py", line 128, in wrapper
    return func(*args, **kwargs)
  File "/home/abhijith/coding/openlake_project/venv/lib/python3.13/site-packages/dbt/cli/main.py", line 488, in init
    results = task.run()
  File "/home/abhijith/coding/openlake_project/venv/lib/python3.13/site-packages/dbt/task/init.py", line 346, in run
    self.setup_profile(profile_name)
    ~~~~~~~~~~~~~~~~~~^^^^^^^^^^^^^^
  File "/home/abhijith/coding/openlake_project/venv/lib/python3.13/site-packages/dbt/task/init.py", line 262, in setup_profile
    self.create_profile_from_target(adapter, profile_name=profile_name)
    ~~~~~~~~~~~~~~~~~~~~~~~~~~~~~~~^^^^^^^^^^^^^^^^^^^^^^^^^^^^^^^^^^^^
  File "/home/abhijith/coding/openlake_project/venv/lib/python3.13/site-packages/dbt/task/init.py", line 172, in create_profile_from_target
    load_plugin(adapter)
    ~~~~~~~~~~~^^^^^^^^^
  File "/home/abhijith/coding/openlake_project/venv/lib/python3.13/site-packages/dbt/adapters/factory.py", line 239, in load_plugin
    return FACTORY.load_plugin(name)
           ~~~~~~~~~~~~~~~~~~~^^^^^^
  File "/home/abhijith/coding/openlake_project/venv/lib/python3.13/site-packages/dbt/adapters/factory.py", line 68, in load_plugin
    mod: Any = import_module("." + name, "dbt.adapters")
               ~~~~~~~~~~~~~^^^^^^^^^^^^^^^^^^^^^^^^^^^^
  File "/opt/miniconda3/lib/python3.13/importlib/__init__.py", line 88, in import_module
    return _bootstrap._gcd_import(name[level:], package, level)
           ~~~~~~~~~~~~~~~~~~~~~~^^^^^^^^^^^^^^^^^^^^^^^^^^^^^^
  File "<frozen importlib._bootstrap>", line 1395, in _gcd_import
  File "<frozen importlib._bootstrap>", line 1360, in _find_and_load
  File "<frozen importlib._bootstrap>", line 1331, in _find_and_load_unlocked
  File "<frozen importlib._bootstrap>", line 935, in _load_unlocked
  File "<frozen importlib._bootstrap_external>", line 1023, in exec_module
  File "<frozen importlib._bootstrap>", line 488, in _call_with_frames_removed
  File "/home/abhijith/coding/openlake_project/venv/lib/python3.13/site-packages/dbt/adapters/sqlserver/__init__.py", line 2, in <module>
    from dbt.adapters.sqlserver.sqlserver_adapter import SQLServerAdapter
  File "/home/abhijith/coding/openlake_project/venv/lib/python3.13/site-packages/dbt/adapters/sqlserver/sqlserver_adapter.py", line 23, in <module>
    from dbt.adapters.sqlserver.sqlserver_connections import SQLServerConnectionManager
  File "/home/abhijith/coding/openlake_project/venv/lib/python3.13/site-packages/dbt/adapters/sqlserver/sqlserver_connections.py", line 11, in <module>
    import pyodbc
ImportError: libodbc.so.2: cannot open shared object file: No such file or directory

[0m20:44:35.609104 [debug] [MainThread]: Resource report: {"command_name": "init", "command_success": false, "command_wall_clock_time": 20.373535, "process_in_blocks": "14232", "process_kernel_time": 0.064465, "process_mem_max_rss": "109144", "process_out_blocks": "72", "process_user_time": 1.241589}
[0m20:44:35.609553 [debug] [MainThread]: Command `dbt init` failed at 20:44:35.609461 after 20.37 seconds
[0m20:44:35.609851 [debug] [MainThread]: Sending event: {'category': 'dbt', 'action': 'invocation', 'label': 'end', 'context': [<snowplow_tracker.self_describing_json.SelfDescribingJson object at 0x7f0504e348a0>, <snowplow_tracker.self_describing_json.SelfDescribingJson object at 0x7f0504de3410>, <snowplow_tracker.self_describing_json.SelfDescribingJson object at 0x7f0504e307c0>]}
[0m20:44:35.610152 [debug] [MainThread]: Flushing usage events
[0m20:44:36.806077 [debug] [MainThread]: An error was encountered while trying to flush usage events
